---
source: hugr-mlir/src/hugr_to_mlir.rs
expression: op.as_operation().to_string()
---
module {
  hugr.module {
    func @main[](%arg0: index) -> index {
      %0 = dfg input extensions [] %arg0 : (index) -> index {
      ^bb0(%arg1: index):
        %1 = call @main  [](index) -> index %arg1
        output %1 : index
      }
      output %0 : index
    }
  }
}

