---
source: hugr-mlir/src/hugr_to_mlir.rs
expression: op.as_operation().to_string()
---
module {
  hugr.module {
    func @main[](%arg0: !hugr<opaque "usize"["prelude"]>) -> !hugr<opaque "usize"["prelude"]> {
      %0 = dfg input extensions [] %arg0 : (!hugr<opaque "usize"["prelude"]>) -> !hugr<opaque "usize"["prelude"]> {
      ^bb0(%arg1: !hugr<opaque "usize"["prelude"]>):
        %1 = call @main  [](!hugr<opaque "usize"["prelude"]>) -> !hugr<opaque "usize"["prelude"]> %arg1
        output %1 : !hugr<opaque "usize"["prelude"]>
      }
      output %0 : !hugr<opaque "usize"["prelude"]>
    }
  }
}

