---
source: hugr-mlir/src/hugr_to_mlir.rs
expression: op.as_operation().to_string()
---
module {
  hugr.module {
    func @main["prelude"](%arg0: !hugr<opaque "usize"["prelude"]>) -> !hugr<opaque "usize"["prelude"]> {
      %0 = lift ["prelude"] %arg0 : (!hugr<opaque "usize"["prelude"]>) -> !hugr<opaque "usize"["prelude"]>
      %1 = tailloop !hugr.sum<tuple<!hugr<opaque "usize"["prelude"]>>, tuple<!hugr<opaque "usize"["prelude"]>>>(%0 : !hugr<opaque "usize"["prelude"]>) -> (!hugr<opaque "usize"["prelude"]>) {
      ^bb0(%arg1: !hugr<opaque "usize"["prelude"]>):
        const @const_8 : !hugr.sum<tuple<>, tuple<>> = #hugr.sum<1, []> : !hugr.sum<tuple<>, tuple<>>
        %2 = load_constant @const_8 : !hugr.sum<tuple<>, tuple<>>
        %3 = lift ["prelude"] %2 : (!hugr.sum<tuple<>, tuple<>>) -> !hugr.sum<tuple<>, tuple<>>
        %4 = conditional(%3, %arg1 : !hugr.sum<tuple<>, tuple<>>, !hugr<opaque "usize"["prelude"]>) -> !hugr.sum<tuple<!hugr<opaque "usize"["prelude"]>>, tuple<!hugr<opaque "usize"["prelude"]>>> {
        ^bb0(%arg2: !hugr<opaque "usize"["prelude"]>):
          %5 = make_tuple(%arg2 : !hugr<opaque "usize"["prelude"]>)
          %6 = tag 0 %5 : tuple<!hugr<opaque "usize"["prelude"]>> -> <tuple<!hugr<opaque "usize"["prelude"]>>, tuple<!hugr<opaque "usize"["prelude"]>>>
          output %6 : !hugr.sum<tuple<!hugr<opaque "usize"["prelude"]>>, tuple<!hugr<opaque "usize"["prelude"]>>>
        }, {
        ^bb0(%arg2: !hugr<opaque "usize"["prelude"]>):
          const @const_20 : !hugr<opaque "usize"["prelude"]> = 2 : index
          %5 = load_constant @const_20 : !hugr<opaque "usize"["prelude"]>
          %6 = make_tuple(%5 : !hugr<opaque "usize"["prelude"]>)
          %7 = tag 1 %6 : tuple<!hugr<opaque "usize"["prelude"]>> -> <tuple<!hugr<opaque "usize"["prelude"]>>, tuple<!hugr<opaque "usize"["prelude"]>>>
          output %7 : !hugr.sum<tuple<!hugr<opaque "usize"["prelude"]>>, tuple<!hugr<opaque "usize"["prelude"]>>>
        }
        output %4 : !hugr.sum<tuple<!hugr<opaque "usize"["prelude"]>>, tuple<!hugr<opaque "usize"["prelude"]>>>
      }
      output %1 : !hugr<opaque "usize"["prelude"]>
    }
  }
}

