---
source: hugr-mlir/tests/guppy_export_tests.rs
expression: mlir_mod.as_operation()
input_file: hugr-mlir/tests/guppy-exports/test_factorial_factorial3.json
---
module {
  hugr.module {
    func @factorial3[](%arg0: !hugr<opaque "int"["arithmetic.int.types"] <6 : i64>>, %arg1: !hugr<opaque "int"["arithmetic.int.types"] <6 : i64>>) -> !hugr<opaque "int"["arithmetic.int.types"] <6 : i64>> {
      %0 = dfg input extensions [] %arg0, %arg1 : (!hugr<opaque "int"["arithmetic.int.types"] <6 : i64>>, !hugr<opaque "int"["arithmetic.int.types"] <6 : i64>>) -> !hugr<opaque "int"["arithmetic.int.types"] <6 : i64>> {
      ^bb0(%arg2: !hugr<opaque "int"["arithmetic.int.types"] <6 : i64>>, %arg3: !hugr<opaque "int"["arithmetic.int.types"] <6 : i64>>):
        %1 = cfg %arg2, %arg3 : (!hugr<opaque "int"["arithmetic.int.types"] <6 : i64>>, !hugr<opaque "int"["arithmetic.int.types"] <6 : i64>>) -> !hugr<opaque "int"["arithmetic.int.types"] <6 : i64>> {
        ^bb0(%arg4: !hugr<opaque "int"["arithmetic.int.types"] <6 : i64>>, %arg5: !hugr<opaque "int"["arithmetic.int.types"] <6 : i64>>):
          %2 = dfg input extensions [] %arg4, %arg5 : (!hugr<opaque "int"["arithmetic.int.types"] <6 : i64>>, !hugr<opaque "int"["arithmetic.int.types"] <6 : i64>>) -> !hugr.sum<tuple<!hugr<opaque "int"["arithmetic.int.types"] <6 : i64>>>, tuple<!hugr<opaque "int"["arithmetic.int.types"] <6 : i64>>, !hugr<opaque "int"["arithmetic.int.types"] <6 : i64>>>> {
          ^bb0(%arg6: !hugr<opaque "int"["arithmetic.int.types"] <6 : i64>>, %arg7: !hugr<opaque "int"["arithmetic.int.types"] <6 : i64>>):
            const @const_17 : !hugr<opaque "int"["arithmetic.int.types"] <6 : i64>> = 0 : i6
            %9 = load_constant @const_17 : !hugr<opaque "int"["arithmetic.int.types"] <6 : i64>>
            %10 = ext_op []"ieq" %arg6, %9 : (!hugr<opaque "int"["arithmetic.int.types"] <6 : i64>>, !hugr<opaque "int"["arithmetic.int.types"] <6 : i64>>) -> !hugr.sum<tuple<>, tuple<>>
            %11 = make_tuple(%arg7 : !hugr<opaque "int"["arithmetic.int.types"] <6 : i64>>)
            %12 = make_tuple(%arg7, %arg6 : !hugr<opaque "int"["arithmetic.int.types"] <6 : i64>>, !hugr<opaque "int"["arithmetic.int.types"] <6 : i64>>)
            %13 = conditional(%10, %11, %12 : !hugr.sum<tuple<>, tuple<>>, tuple<!hugr<opaque "int"["arithmetic.int.types"] <6 : i64>>>, tuple<!hugr<opaque "int"["arithmetic.int.types"] <6 : i64>>, !hugr<opaque "int"["arithmetic.int.types"] <6 : i64>>>) -> !hugr.sum<tuple<!hugr<opaque "int"["arithmetic.int.types"] <6 : i64>>>, tuple<!hugr<opaque "int"["arithmetic.int.types"] <6 : i64>>, !hugr<opaque "int"["arithmetic.int.types"] <6 : i64>>>> {
            ^bb0(%arg8: tuple<!hugr<opaque "int"["arithmetic.int.types"] <6 : i64>>>, %arg9: tuple<!hugr<opaque "int"["arithmetic.int.types"] <6 : i64>>, !hugr<opaque "int"["arithmetic.int.types"] <6 : i64>>>):
              %14 = dfg input extensions [] %arg8, %arg9 : (tuple<!hugr<opaque "int"["arithmetic.int.types"] <6 : i64>>>, tuple<!hugr<opaque "int"["arithmetic.int.types"] <6 : i64>>, !hugr<opaque "int"["arithmetic.int.types"] <6 : i64>>>) -> !hugr.sum<tuple<!hugr<opaque "int"["arithmetic.int.types"] <6 : i64>>>, tuple<!hugr<opaque "int"["arithmetic.int.types"] <6 : i64>>, !hugr<opaque "int"["arithmetic.int.types"] <6 : i64>>>> {
              ^bb0(%arg10: tuple<!hugr<opaque "int"["arithmetic.int.types"] <6 : i64>>>, %arg11: tuple<!hugr<opaque "int"["arithmetic.int.types"] <6 : i64>>, !hugr<opaque "int"["arithmetic.int.types"] <6 : i64>>>):
                %15 = tag 0 %arg10 : tuple<!hugr<opaque "int"["arithmetic.int.types"] <6 : i64>>> -> <tuple<!hugr<opaque "int"["arithmetic.int.types"] <6 : i64>>>, tuple<!hugr<opaque "int"["arithmetic.int.types"] <6 : i64>>, !hugr<opaque "int"["arithmetic.int.types"] <6 : i64>>>>
                output %15 : !hugr.sum<tuple<!hugr<opaque "int"["arithmetic.int.types"] <6 : i64>>>, tuple<!hugr<opaque "int"["arithmetic.int.types"] <6 : i64>>, !hugr<opaque "int"["arithmetic.int.types"] <6 : i64>>>>
              }
              output %14 : !hugr.sum<tuple<!hugr<opaque "int"["arithmetic.int.types"] <6 : i64>>>, tuple<!hugr<opaque "int"["arithmetic.int.types"] <6 : i64>>, !hugr<opaque "int"["arithmetic.int.types"] <6 : i64>>>>
            }, {
            ^bb0(%arg8: tuple<!hugr<opaque "int"["arithmetic.int.types"] <6 : i64>>>, %arg9: tuple<!hugr<opaque "int"["arithmetic.int.types"] <6 : i64>>, !hugr<opaque "int"["arithmetic.int.types"] <6 : i64>>>):
              %14 = dfg input extensions [] %arg8, %arg9 : (tuple<!hugr<opaque "int"["arithmetic.int.types"] <6 : i64>>>, tuple<!hugr<opaque "int"["arithmetic.int.types"] <6 : i64>>, !hugr<opaque "int"["arithmetic.int.types"] <6 : i64>>>) -> !hugr.sum<tuple<!hugr<opaque "int"["arithmetic.int.types"] <6 : i64>>>, tuple<!hugr<opaque "int"["arithmetic.int.types"] <6 : i64>>, !hugr<opaque "int"["arithmetic.int.types"] <6 : i64>>>> {
              ^bb0(%arg10: tuple<!hugr<opaque "int"["arithmetic.int.types"] <6 : i64>>>, %arg11: tuple<!hugr<opaque "int"["arithmetic.int.types"] <6 : i64>>, !hugr<opaque "int"["arithmetic.int.types"] <6 : i64>>>):
                %15 = tag 1 %arg11 : tuple<!hugr<opaque "int"["arithmetic.int.types"] <6 : i64>>, !hugr<opaque "int"["arithmetic.int.types"] <6 : i64>>> -> <tuple<!hugr<opaque "int"["arithmetic.int.types"] <6 : i64>>>, tuple<!hugr<opaque "int"["arithmetic.int.types"] <6 : i64>>, !hugr<opaque "int"["arithmetic.int.types"] <6 : i64>>>>
                output %15 : !hugr.sum<tuple<!hugr<opaque "int"["arithmetic.int.types"] <6 : i64>>>, tuple<!hugr<opaque "int"["arithmetic.int.types"] <6 : i64>>, !hugr<opaque "int"["arithmetic.int.types"] <6 : i64>>>>
              }
              output %14 : !hugr.sum<tuple<!hugr<opaque "int"["arithmetic.int.types"] <6 : i64>>>, tuple<!hugr<opaque "int"["arithmetic.int.types"] <6 : i64>>, !hugr<opaque "int"["arithmetic.int.types"] <6 : i64>>>>
            }
            output %13 : !hugr.sum<tuple<!hugr<opaque "int"["arithmetic.int.types"] <6 : i64>>>, tuple<!hugr<opaque "int"["arithmetic.int.types"] <6 : i64>>, !hugr<opaque "int"["arithmetic.int.types"] <6 : i64>>>>
          }
          switch %2 : !hugr.sum<tuple<!hugr<opaque "int"["arithmetic.int.types"] <6 : i64>>>, tuple<!hugr<opaque "int"["arithmetic.int.types"] <6 : i64>>, !hugr<opaque "int"["arithmetic.int.types"] <6 : i64>>>> ^bb2, ^bb3
        ^bb1(%3: !hugr<opaque "int"["arithmetic.int.types"] <6 : i64>>):  // 2 preds: ^bb2, ^bb3
          output %3 : !hugr<opaque "int"["arithmetic.int.types"] <6 : i64>>
        ^bb2(%4: !hugr<opaque "int"["arithmetic.int.types"] <6 : i64>>):  // pred: ^bb0
          %5:2 = dfg input extensions [] %4 : (!hugr<opaque "int"["arithmetic.int.types"] <6 : i64>>) -> (!hugr.sum<tuple<>>, !hugr<opaque "int"["arithmetic.int.types"] <6 : i64>>) {
          ^bb0(%arg6: !hugr<opaque "int"["arithmetic.int.types"] <6 : i64>>):
            %9 = make_tuple()
            %10 = tag 0 %9 : tuple<> -> <tuple<>>
            output %10, %arg6 : !hugr.sum<tuple<>>, !hugr<opaque "int"["arithmetic.int.types"] <6 : i64>>
          }
          switch %5#0, %5#1 : !hugr.sum<tuple<>>, !hugr<opaque "int"["arithmetic.int.types"] <6 : i64>> ^bb1
        ^bb3(%6: !hugr<opaque "int"["arithmetic.int.types"] <6 : i64>>, %7: !hugr<opaque "int"["arithmetic.int.types"] <6 : i64>>):  // pred: ^bb0
          %8:2 = dfg input extensions [] %6, %7 : (!hugr<opaque "int"["arithmetic.int.types"] <6 : i64>>, !hugr<opaque "int"["arithmetic.int.types"] <6 : i64>>) -> (!hugr.sum<tuple<>>, !hugr<opaque "int"["arithmetic.int.types"] <6 : i64>>) {
          ^bb0(%arg6: !hugr<opaque "int"["arithmetic.int.types"] <6 : i64>>, %arg7: !hugr<opaque "int"["arithmetic.int.types"] <6 : i64>>):
            const @const_31 : !hugr<opaque "int"["arithmetic.int.types"] <6 : i64>> = 1 : i6
            %9 = load_constant @const_31 : !hugr<opaque "int"["arithmetic.int.types"] <6 : i64>>
            %10 = ext_op []"isub" %arg7, %9 : (!hugr<opaque "int"["arithmetic.int.types"] <6 : i64>>, !hugr<opaque "int"["arithmetic.int.types"] <6 : i64>>) -> !hugr<opaque "int"["arithmetic.int.types"] <6 : i64>>
            %11 = ext_op []"imul" %arg6, %arg7 : (!hugr<opaque "int"["arithmetic.int.types"] <6 : i64>>, !hugr<opaque "int"["arithmetic.int.types"] <6 : i64>>) -> !hugr<opaque "int"["arithmetic.int.types"] <6 : i64>>
            %12 = call @factorial3  [](!hugr<opaque "int"["arithmetic.int.types"] <6 : i64>>, !hugr<opaque "int"["arithmetic.int.types"] <6 : i64>>) -> !hugr<opaque "int"["arithmetic.int.types"] <6 : i64>> %10, %11
            %13 = make_tuple()
            %14 = tag 0 %13 : tuple<> -> <tuple<>>
            output %14, %12 : !hugr.sum<tuple<>>, !hugr<opaque "int"["arithmetic.int.types"] <6 : i64>>
          }
          switch %8#0, %8#1 : !hugr.sum<tuple<>>, !hugr<opaque "int"["arithmetic.int.types"] <6 : i64>> ^bb1
        }
        output %1 : !hugr<opaque "int"["arithmetic.int.types"] <6 : i64>>
      }
      output %0 : !hugr<opaque "int"["arithmetic.int.types"] <6 : i64>>
    }
  }
}

