---
source: hugr-mlir/tests/guppy_export_tests.rs
expression: mlir_mod.as_operation()
input_file: hugr-mlir/tests/guppy-exports/test_call_back.json
---
module {
  hugr.module {
    func @foo[](%arg0: !hugr<opaque "int"["arithmetic.int.types"] <6 : i64>>) -> !hugr<opaque "int"["arithmetic.int.types"] <6 : i64>> {
      %0 = dfg input extensions [] %arg0 : (!hugr<opaque "int"["arithmetic.int.types"] <6 : i64>>) -> !hugr<opaque "int"["arithmetic.int.types"] <6 : i64>> {
      ^bb0(%arg1: !hugr<opaque "int"["arithmetic.int.types"] <6 : i64>>):
        %1 = cfg %arg1 : (!hugr<opaque "int"["arithmetic.int.types"] <6 : i64>>) -> !hugr<opaque "int"["arithmetic.int.types"] <6 : i64>> {
        ^bb0(%arg2: !hugr<opaque "int"["arithmetic.int.types"] <6 : i64>>):
          %2:2 = dfg input extensions [] %arg2 : (!hugr<opaque "int"["arithmetic.int.types"] <6 : i64>>) -> (!hugr.sum<tuple<>>, !hugr<opaque "int"["arithmetic.int.types"] <6 : i64>>) {
          ^bb0(%arg3: !hugr<opaque "int"["arithmetic.int.types"] <6 : i64>>):
            %4 = call @bar  [](!hugr<opaque "int"["arithmetic.int.types"] <6 : i64>>) -> !hugr<opaque "int"["arithmetic.int.types"] <6 : i64>> %arg3
            %5 = make_tuple()
            %6 = tag 0 %5 : tuple<> -> <tuple<>>
            output %6, %4 : !hugr.sum<tuple<>>, !hugr<opaque "int"["arithmetic.int.types"] <6 : i64>>
          }
          switch %2#0, %2#1 : !hugr.sum<tuple<>>, !hugr<opaque "int"["arithmetic.int.types"] <6 : i64>> ^bb1
        ^bb1(%3: !hugr<opaque "int"["arithmetic.int.types"] <6 : i64>>):  // pred: ^bb0
          output %3 : !hugr<opaque "int"["arithmetic.int.types"] <6 : i64>>
        }
        output %1 : !hugr<opaque "int"["arithmetic.int.types"] <6 : i64>>
      }
      output %0 : !hugr<opaque "int"["arithmetic.int.types"] <6 : i64>>
    }
    func @bar[](%arg0: !hugr<opaque "int"["arithmetic.int.types"] <6 : i64>>) -> !hugr<opaque "int"["arithmetic.int.types"] <6 : i64>> {
      %0 = dfg input extensions [] %arg0 : (!hugr<opaque "int"["arithmetic.int.types"] <6 : i64>>) -> !hugr<opaque "int"["arithmetic.int.types"] <6 : i64>> {
      ^bb0(%arg1: !hugr<opaque "int"["arithmetic.int.types"] <6 : i64>>):
        %1 = cfg %arg1 : (!hugr<opaque "int"["arithmetic.int.types"] <6 : i64>>) -> !hugr<opaque "int"["arithmetic.int.types"] <6 : i64>> {
        ^bb0(%arg2: !hugr<opaque "int"["arithmetic.int.types"] <6 : i64>>):
          %2:2 = dfg input extensions [] %arg2 : (!hugr<opaque "int"["arithmetic.int.types"] <6 : i64>>) -> (!hugr.sum<tuple<>>, !hugr<opaque "int"["arithmetic.int.types"] <6 : i64>>) {
          ^bb0(%arg3: !hugr<opaque "int"["arithmetic.int.types"] <6 : i64>>):
            %4 = make_tuple()
            %5 = tag 0 %4 : tuple<> -> <tuple<>>
            output %5, %arg3 : !hugr.sum<tuple<>>, !hugr<opaque "int"["arithmetic.int.types"] <6 : i64>>
          }
          switch %2#0, %2#1 : !hugr.sum<tuple<>>, !hugr<opaque "int"["arithmetic.int.types"] <6 : i64>> ^bb1
        ^bb1(%3: !hugr<opaque "int"["arithmetic.int.types"] <6 : i64>>):  // pred: ^bb0
          output %3 : !hugr<opaque "int"["arithmetic.int.types"] <6 : i64>>
        }
        output %1 : !hugr<opaque "int"["arithmetic.int.types"] <6 : i64>>
      }
      output %0 : !hugr<opaque "int"["arithmetic.int.types"] <6 : i64>>
    }
  }
}

