---
source: tests/guppy_export_tests.rs
expression: m.as_operation()
input_file: tests/guppy-exports/test_constant.json
---
module {
  hugr.module {
    func @const[]() -> !hugr<opaque "float64"["arithmetic.float.types"] [Copyable]> {
      %0 = cfg : () -> !hugr<opaque "float64"["arithmetic.float.types"] [Copyable]> {
        const @const_9 : !hugr<opaque "float64"["arithmetic.float.types"] [Copyable]> = 4.200000e+01 : f64
        %1 = load_constant @const_9 : !hugr<opaque "float64"["arithmetic.float.types"] [Copyable]>
        %2 = make_tuple()
        %3 = tag 0 %2 : tuple<> -> <tuple<>>
        switch %3, %1 : !hugr.sum<tuple<>>, !hugr<opaque "float64"["arithmetic.float.types"] [Copyable]> ^bb1
      ^bb1(%4: !hugr<opaque "float64"["arithmetic.float.types"] [Copyable]>):  // pred: ^bb0
        output %4 : !hugr<opaque "float64"["arithmetic.float.types"] [Copyable]>
      }
      output %0 : !hugr<opaque "float64"["arithmetic.float.types"] [Copyable]>
    }
  }
}

