---
source: hugr-mlir/tests/guppy_export_tests.rs
expression: mlir_mod.as_operation()
input_file: hugr-mlir/tests/guppy-exports/test_return_defined1.json
---
module {
  hugr.module {
    func @foo[](%arg0: !hugr<opaque "int"["arithmetic.int.types"] <6 : i64>>, %arg1: !hugr<opaque "int"["arithmetic.int.types"] <6 : i64>>) -> !hugr<opaque "int"["arithmetic.int.types"] <6 : i64>> {
      %0 = dfg input extensions [] %arg0, %arg1 : (!hugr<opaque "int"["arithmetic.int.types"] <6 : i64>>, !hugr<opaque "int"["arithmetic.int.types"] <6 : i64>>) -> !hugr<opaque "int"["arithmetic.int.types"] <6 : i64>> {
      ^bb0(%arg2: !hugr<opaque "int"["arithmetic.int.types"] <6 : i64>>, %arg3: !hugr<opaque "int"["arithmetic.int.types"] <6 : i64>>):
        %1 = cfg %arg2, %arg3 : (!hugr<opaque "int"["arithmetic.int.types"] <6 : i64>>, !hugr<opaque "int"["arithmetic.int.types"] <6 : i64>>) -> !hugr<opaque "int"["arithmetic.int.types"] <6 : i64>> {
        ^bb0(%arg4: !hugr<opaque "int"["arithmetic.int.types"] <6 : i64>>, %arg5: !hugr<opaque "int"["arithmetic.int.types"] <6 : i64>>):
          %2 = dfg input extensions [] %arg4, %arg5 : (!hugr<opaque "int"["arithmetic.int.types"] <6 : i64>>, !hugr<opaque "int"["arithmetic.int.types"] <6 : i64>>) -> !hugr.sum<tuple<!hugr<opaque "int"["arithmetic.int.types"] <6 : i64>>>, tuple<>> {
          ^bb0(%arg6: !hugr<opaque "int"["arithmetic.int.types"] <6 : i64>>, %arg7: !hugr<opaque "int"["arithmetic.int.types"] <6 : i64>>):
            const @const_17 : !hugr<opaque "int"["arithmetic.int.types"] <6 : i64>> = 5 : i6
            %7 = load_constant @const_17 : !hugr<opaque "int"["arithmetic.int.types"] <6 : i64>>
            %8 = ext_op []"igt_s" %arg6, %7 : (!hugr<opaque "int"["arithmetic.int.types"] <6 : i64>>, !hugr<opaque "int"["arithmetic.int.types"] <6 : i64>>) -> !hugr.sum<tuple<>, tuple<>>
            %9 = make_tuple(%arg7 : !hugr<opaque "int"["arithmetic.int.types"] <6 : i64>>)
            %10 = make_tuple()
            %11 = conditional(%8, %9, %10 : !hugr.sum<tuple<>, tuple<>>, tuple<!hugr<opaque "int"["arithmetic.int.types"] <6 : i64>>>, tuple<>) -> !hugr.sum<tuple<!hugr<opaque "int"["arithmetic.int.types"] <6 : i64>>>, tuple<>> {
            ^bb0(%arg8: tuple<!hugr<opaque "int"["arithmetic.int.types"] <6 : i64>>>, %arg9: tuple<>):
              %12 = dfg input extensions [] %arg8, %arg9 : (tuple<!hugr<opaque "int"["arithmetic.int.types"] <6 : i64>>>, tuple<>) -> !hugr.sum<tuple<!hugr<opaque "int"["arithmetic.int.types"] <6 : i64>>>, tuple<>> {
              ^bb0(%arg10: tuple<!hugr<opaque "int"["arithmetic.int.types"] <6 : i64>>>, %arg11: tuple<>):
                %13 = tag 0 %arg10 : tuple<!hugr<opaque "int"["arithmetic.int.types"] <6 : i64>>> -> <tuple<!hugr<opaque "int"["arithmetic.int.types"] <6 : i64>>>, tuple<>>
                output %13 : !hugr.sum<tuple<!hugr<opaque "int"["arithmetic.int.types"] <6 : i64>>>, tuple<>>
              }
              output %12 : !hugr.sum<tuple<!hugr<opaque "int"["arithmetic.int.types"] <6 : i64>>>, tuple<>>
            }, {
            ^bb0(%arg8: tuple<!hugr<opaque "int"["arithmetic.int.types"] <6 : i64>>>, %arg9: tuple<>):
              %12 = dfg input extensions [] %arg8, %arg9 : (tuple<!hugr<opaque "int"["arithmetic.int.types"] <6 : i64>>>, tuple<>) -> !hugr.sum<tuple<!hugr<opaque "int"["arithmetic.int.types"] <6 : i64>>>, tuple<>> {
              ^bb0(%arg10: tuple<!hugr<opaque "int"["arithmetic.int.types"] <6 : i64>>>, %arg11: tuple<>):
                %13 = tag 1 %arg11 : tuple<> -> <tuple<!hugr<opaque "int"["arithmetic.int.types"] <6 : i64>>>, tuple<>>
                output %13 : !hugr.sum<tuple<!hugr<opaque "int"["arithmetic.int.types"] <6 : i64>>>, tuple<>>
              }
              output %12 : !hugr.sum<tuple<!hugr<opaque "int"["arithmetic.int.types"] <6 : i64>>>, tuple<>>
            }
            output %11 : !hugr.sum<tuple<!hugr<opaque "int"["arithmetic.int.types"] <6 : i64>>>, tuple<>>
          }
          switch %2 : !hugr.sum<tuple<!hugr<opaque "int"["arithmetic.int.types"] <6 : i64>>>, tuple<>> ^bb2, ^bb3
        ^bb1(%3: !hugr<opaque "int"["arithmetic.int.types"] <6 : i64>>):  // 2 preds: ^bb2, ^bb3
          output %3 : !hugr<opaque "int"["arithmetic.int.types"] <6 : i64>>
        ^bb2(%4: !hugr<opaque "int"["arithmetic.int.types"] <6 : i64>>):  // pred: ^bb0
          %5:2 = dfg input extensions [] %4 : (!hugr<opaque "int"["arithmetic.int.types"] <6 : i64>>) -> (!hugr.sum<tuple<>>, !hugr<opaque "int"["arithmetic.int.types"] <6 : i64>>) {
          ^bb0(%arg6: !hugr<opaque "int"["arithmetic.int.types"] <6 : i64>>):
            %7 = make_tuple()
            %8 = tag 0 %7 : tuple<> -> <tuple<>>
            output %8, %arg6 : !hugr.sum<tuple<>>, !hugr<opaque "int"["arithmetic.int.types"] <6 : i64>>
          }
          switch %5#0, %5#1 : !hugr.sum<tuple<>>, !hugr<opaque "int"["arithmetic.int.types"] <6 : i64>> ^bb1
        ^bb3:  // pred: ^bb0
          %6:2 = dfg input extensions []  : () -> (!hugr.sum<tuple<>>, !hugr<opaque "int"["arithmetic.int.types"] <6 : i64>>) {
            const @const_31 : !hugr<opaque "int"["arithmetic.int.types"] <6 : i64>> = 5 : i6
            %7 = load_constant @const_31 : !hugr<opaque "int"["arithmetic.int.types"] <6 : i64>>
            %8 = make_tuple()
            %9 = tag 0 %8 : tuple<> -> <tuple<>>
            output %9, %7 : !hugr.sum<tuple<>>, !hugr<opaque "int"["arithmetic.int.types"] <6 : i64>>
          }
          switch %6#0, %6#1 : !hugr.sum<tuple<>>, !hugr<opaque "int"["arithmetic.int.types"] <6 : i64>> ^bb1
        }
        output %1 : !hugr<opaque "int"["arithmetic.int.types"] <6 : i64>>
      }
      output %0 : !hugr<opaque "int"["arithmetic.int.types"] <6 : i64>>
    }
  }
}

